// Jest Snapshot v1, https://goo.gl/fbAQLP

exports[`SignupForm Component it matches the snapshot 1`] = `
<div
  className="authForms"
>
  <form
    id="login_form"
  >
    <h1>
      SIGN IN
    </h1>
    <input
      id="login-username"
      name="username"
      placeholder="Username"
      required={true}
      type="text"
    />
    <input
      id="login-password"
      name="password"
      placeholder="Password"
      required={true}
      type="password"
    />
    <div
      className="loadedContent"
    >
      <button
        className="btn"
        type="submit"
      >
        SUBMIT
      </button>
    </div>
    <span>
      <p
        id="error"
      />
    </span>
    <p>
      Dont have an account ?.
      <a
        href="/signup"
        onClick={[Function]}
      >
        Create account
      </a>
    </p>
  </form>
</div>
`;
